// Jest Snapshot v1, https://goo.gl/fbAQLP

exports[`PokemonProfileCard matches the snapshot 1`] = `
<DocumentFragment>
  <article
    class="w-full card text-left flex flex-col md:flex-row md:items-start gap-x-12"
  >
    <div
      class="items-center flex justify-center"
    >
      <figure>
        <img
          alt="bulbasaur"
          height="343"
          src="https://raw.githubusercontent.com/PokeAPI/sprites/master/sprites/pokemon/other/official-artwork/1.png"
          width="343"
        />
        <figcaption
          class="sr-only"
        >
          bulbasaur
        </figcaption>
      </figure>
    </div>
    <div
      class="flex flex-col"
    >
      <h2
        class="sm:pt-6"
      >
        Bulbasaur
      </h2>
      <p
        class="text-gray-500 dark:text-gray-200"
      >
        #0001
      </p>
      <div
        class="pokemon-details"
      >
        <div>
          <div
            class="pokemon-property"
          >
            <h3>
              <span>
                Height: 
              </span>
              <strong>
                0.7 meters
              </strong>
            </h3>
          </div>
          <div
            class="pokemon-property"
          >
            <h3>
              <span>
                Weight: 
              </span>
              <strong>
                6.9 kg
              </strong>
            </h3>
          </div>
          <div
            class="pokemon-property flex"
          >
            <h3
              class="pr-2"
            >
              <span>
                Types: 
              </span>
            </h3>
            <div
              class="flex gap-4 mt-2"
            >
              <div
                class="gap-1 flex flex-col items-center text-center"
              >
                <a
                  class="transform transition-transform duration-300 hover:scale-130"
                  href="/type/grass"
                >
                  <img
                    alt="grass"
                    height="32"
                    loading="lazy"
                    src="/type_icons/grass.svg"
                    width="32"
                  />
                </a>
                <p>
                  grass
                </p>
              </div>
              <div
                class="gap-1 flex flex-col items-center text-center"
              >
                <a
                  class="transform transition-transform duration-300 hover:scale-130"
                  href="/type/poison"
                >
                  <img
                    alt="poison"
                    height="32"
                    loading="lazy"
                    src="/type_icons/poison.svg"
                    width="32"
                  />
                </a>
                <p>
                  poison
                </p>
              </div>
            </div>
          </div>
          <div
            class="pokemon-property"
          >
            <h3>
              <span>
                Gender: 
              </span>
              <strong>
                Male, Female
              </strong>
            </h3>
          </div>
          <div
            class="pokemon-property"
          >
            <h3>
              <span>
                Category: 
              </span>
              <strong>
                Seed Pok√©mon
              </strong>
            </h3>
          </div>
        </div>
        <div>
          <div
            class="pokemon-property"
          >
            <h3>
              Abilities:
            </h3>
            <ul
              class="list-disc list-inside"
            >
              <li
                class="pl-2 text-lg sm:text-xl"
              >
                overgrow
              </li>
              <li
                class="pl-2 text-lg sm:text-xl"
              >
                chlorophyll
              </li>
            </ul>
          </div>
          <div
            class="pokemon-property"
          >
            <h3>
              Stats
            </h3>
            <ul
              class="list-disc list-inside"
            >
              <li
                class="pl-2 text-lg sm:text-xl"
              >
                hp: 45
              </li>
              <li
                class="pl-2 text-lg sm:text-xl"
              >
                attack: 49
              </li>
              <li
                class="pl-2 text-lg sm:text-xl"
              >
                defense: 49
              </li>
              <li
                class="pl-2 text-lg sm:text-xl"
              >
                special-attack: 65
              </li>
              <li
                class="pl-2 text-lg sm:text-xl"
              >
                special-defense: 65
              </li>
              <li
                class="pl-2 text-lg sm:text-xl"
              >
                speed: 45
              </li>
            </ul>
          </div>
        </div>
      </div>
    </div>
  </article>
</DocumentFragment>
`;
